.anchor
├── [0⚓]  a
│   ├── b
│   │   ├── [0⚓]  c
│   │   └── [0⚓]  d
│   ├── [0⚓]  c
│   └── d
│       ├── [0⚓]  b
│       └── g
│           └── f
│               └── [0⚓]  y
├── c
│   └── b
│       └── [0⚓]  a
└── x
    └── [0⚓]  y
