.anchor
├── prometheus
│   ├── [3⚓]  algo
│   └── [1⚓]  go
└── [2⚓]  root
