.anchor
├── [0⚓]  prometheus
│   ├── [0⚓]  algo
│   └── [0⚓]  go
└── [0⚓]  root
